[bitcoin.org/es/index.html]
[backblue.gif]
[fade.gif]
[index.html]
[bitcoin.org/img/icons/opengraph5c0f.png]
[bitcoin.org/css/font-awesome-4.4.0/css/font-awesome.min.css]
[bitcoin.org/css/main5c0f.css]
[bitcoin.org/js/base5c0f.js]
[bitcoin.org/js/main5c0f.js]
[bitcoin.org/js/jquery/jquery-1.11.2.min.js]
[bitcoin.org/js/jquery/jquery-ui.min.js]
[bitcoin.org/js/jquery/jquery.qrcode.min.js]
[bitcoin.org/favicon5c0f.png]
[bitcoin.org/img/icons/logo_ios5c0f.png]
[bitcoin.org/js/cookieconsent/cookieconsent5c0f.js]
[bitcoin.org/js/analytics.js]
[bitcoin.org/es/bitcoin-para-personas.html]
[bitcoin.org/es/bitcoin-para-empresas.html]
[bitcoin.org/es/como-empezar.html]
[bitcoin.org/es/como-funciona.html]
[bitcoin.org/es/bitcoin-documento.html]
[bitcoin.org/es/recursos.html]
[bitcoin.org/es/intercambios.html]
[bitcoin.org/es/comunidad.html]
[bitcoin.org/es/vocabulario.html]
[bitcoin.org/es/eventos.html]
[bitcoin.org/es/descargar.html]
[bitcoin.org/es/innovacion.html]
[bitcoin.org/es/apoya-bitcoin.html]
[bitcoin.org/es/comprar.html]
[bitcoin.org/es/desarrollo.html]
[bitcoin.org/es/faq.html]
[bitcoin.org/es/elige-tu-monedero.html]
[bitcoin.org/es/debes-saber.html]
[bitcoin.org/es/legal.html]
[bitcoin.org/es/prensa.html]
[bitcoin.org/es/sobre-nosotros.html]
[bitcoin.org/es/index.html]
[bitcoin.org/css/font-awesome-4.4.0/css/font-awesome.min.css]
[bitcoin.org/css/TitilliumWeb-Regular.ttf]
[bitcoin.org/img/os/arm68bb.png]
[bitcoin.org/css/main5c0f.css]
[bitcoin.org/es/asegure-su-monedero.html]
[bitcoin.org/es/proteja-su-privacidad.html]
[bitcoin.org/es/bitcoin-para-personas.html]
[bitcoin.org/es/bitcoin-para-empresas.html]
[bitcoin.org/es/gastar-bitcoin.html]
[bitcoin.org/es/como-empezar.html]
[bitcoin.org/es/como-funciona.html]
[bitcoin.org/es/bitcoin-documento.html]
[bitcoin.org/es/recursos.html]
[bitcoin.org/img/bo_tag/bo_tag5c0f.png]
[bitcoin.org/img/flags/PE5c0f.png]
[bitcoin.org/es/intercambios.html]
[bitcoin.org/es/comunidad.html]
[bitcoin.org/es/vocabulario.html]
[bitcoin.org/js/loadMorePosts.js]
[bitcoin.org/es/eventos.html]
[bitcoin.org/css/jquery-ui.min.css]
[bitcoin.org/es/descargar.html]
[bitcoin.org/es/innovacion.html]
[bitcoin.org/es/apoya-bitcoin.html]
[bitcoin.org/es/comprar.html]
[bitcoin.org/js/bitcoin-core.js]
[bitcoin.org/es/desarrollo.html]
[bitcoin.org/img/faq/merchants_map5c0f.png]
[bitcoin.org/img/faq/mobile_send5c0f.png]
[bitcoin.org/img/faq/mobile_receive5c0f.png]
[bitcoin.org/img/faq/price_chart5c0f.png]
[bitcoin.org/es/faq.html]
[bitcoin.org/img/wallet/armory.png]
[bitcoin.org/es/wallets/desktop/windows/armory/index.html]
[bitcoin.org/img/wallet/bitbox.png]
[bitcoin.org/img/wallet/bitcoincore.png]
[bitcoin.org/img/wallet/bitcoinknots.png]
[bitcoin.org/es/wallets/desktop/mac/armory/index.html]
[bitcoin.org/img/wallet/bitcoinwallet.png]
[bitcoin.org/es/wallets/desktop/linux/armory/index.html]
[bitcoin.org/img/wallet/bither.png]
[bitcoin.org/es/wallets/hardware/bitbox/index.html]
[bitcoin.org/img/wallet/bitpay.png]
[bitcoin.org/es/wallets/desktop/windows/bitcoincore/index.html]
[bitcoin.org/img/wallet/blw.png]
[bitcoin.org/es/wallets/desktop/mac/bitcoincore/index.html]
[bitcoin.org/img/wallet/brd.png]
[bitcoin.org/es/wallets/desktop/linux/bitcoincore/index.html]
[bitcoin.org/es/wallets/desktop/windows/bitcoinknots/index.html]
[bitcoin.org/es/wallets/desktop/mac/bitcoinknots/index.html]
[bitcoin.org/es/wallets/desktop/linux/bitcoinknots/index.html]
[bitcoin.org/img/wallet/coldcard.png]
[bitcoin.org/img/wallet/eclairmobile.png]
[bitcoin.org/es/wallets/mobile/android/bitcoinwallet/index.html]
[bitcoin.org/es/wallets/mobile/ios/bither/index.html]
[bitcoin.org/img/wallet/edgewallet.png]
[bitcoin.org/img/wallet/electrum.png]
[bitcoin.org/img/wallet/keepkey.png]
[bitcoin.org/es/wallets/mobile/android/bither/index.html]
[bitcoin.org/img/wallet/ledgernanos.png]
[bitcoin.org/img/wallet/mycelium.png]
[bitcoin.org/img/wallet/specterdesktop.png]
[bitcoin.org/es/wallets/desktop/windows/bither/index.html]
[bitcoin.org/es/wallets/desktop/mac/bither/index.html]
[bitcoin.org/img/wallet/trezormodelt.png]
[bitcoin.org/es/wallets/desktop/linux/bither/index.html]
[bitcoin.org/img/wallet/trezorone.png]
[bitcoin.org/img/wallet/unstoppable.png]
[bitcoin.org/es/wallets/mobile/android/bitpay/index.html]
[bitcoin.org/img/wallet/wasabi.png]
[bitcoin.org/img/wallet/armory5c0f.png]
[bitcoin.org/img/wallet/bitbox5c0f.png]
[bitcoin.org/es/wallets/mobile/ios/bitpay/index.html]
[bitcoin.org/img/wallet/bitcoincore5c0f.png]
[bitcoin.org/es/wallets/desktop/windows/bitpay/index.html]
[bitcoin.org/img/wallet/bitcoinknots5c0f.png]
[bitcoin.org/es/wallets/desktop/mac/bitpay/index.html]
[bitcoin.org/img/wallet/bitcoinwallet5c0f.png]
[bitcoin.org/es/wallets/desktop/linux/bitpay/index.html]
[bitcoin.org/img/wallet/bither5c0f.png]
[bitcoin.org/img/wallet/bitpay5c0f.png]
[bitcoin.org/es/wallets/mobile/android/blw/index.html]
[bitcoin.org/img/wallet/blw5c0f.png]
[bitcoin.org/es/wallets/mobile/ios/brd/index.html]
[bitcoin.org/img/wallet/brd5c0f.png]
[bitcoin.org/es/wallets/mobile/android/brd/index.html]
[bitcoin.org/img/wallet/coldcard5c0f.png]
[bitcoin.org/img/wallet/eclairmobile5c0f.png]
[bitcoin.org/es/wallets/hardware/coldcard/index.html]
[bitcoin.org/img/wallet/edgewallet5c0f.png]
[bitcoin.org/img/wallet/electrum5c0f.png]
[bitcoin.org/img/wallet/keepkey5c0f.png]
[bitcoin.org/img/wallet/ledgernanos5c0f.png]
[bitcoin.org/es/wallets/mobile/android/eclairmobile/index.html]
[bitcoin.org/img/wallet/mycelium5c0f.png]
[bitcoin.org/img/wallet/specterdesktop5c0f.png]
[bitcoin.org/img/wallet/trezormodelt5c0f.png]
[bitcoin.org/es/wallets/mobile/android/edgewallet/index.html]
[bitcoin.org/img/wallet/trezorone5c0f.png]
[bitcoin.org/es/wallets/mobile/ios/edgewallet/index.html]
[bitcoin.org/img/wallet/unstoppable5c0f.png]
[bitcoin.org/img/wallet/wasabi5c0f.png]
[bitcoin.org/js/walletSelector.js]
[bitcoin.org/es/elige-tu-monedero.html]
[bitcoin.org/es/debes-saber.html]
[bitcoin.org/es/wallets/desktop/windows/electrum/index.html]
[bitcoin.org/es/legal.html]
[bitcoin.org/es/wallets/desktop/linux/electrum/index.html]
[bitcoin.org/es/wallets/desktop/mac/electrum/index.html]
[bitcoin.org/es/wallets/mobile/android/electrum/index.html]
[bitcoin.org/es/prensa.html]
[bitcoin.org/es/wallets/hardware/keepkey/index.html]
[bitcoin.org/es/wallets/hardware/ledgernanos/index.html]
[bitcoin.org/es/wallets/mobile/android/mycelium/index.html]
[bitcoin.org/es/wallets/desktop/windows/specterdesktop/index.html]
[bitcoin.org/es/sobre-nosotros.html]
[bitcoin.org/es/wallets/desktop/mac/specterdesktop/index.html]
[bitcoin.org/es/wallets/desktop/linux/specterdesktop/index.html]
[bitcoin.org/es/wallets/hardware/trezormodelt/index.html]
[bitcoin.org/es/wallets/hardware/trezorone/index.html]
[bitcoin.org/css/TitilliumWeb-Regular.html]
[bitcoin.org/es/wallets/mobile/ios/unstoppable/index.html]
[bitcoin.org/es/wallets/mobile/android/unstoppable/index.html]
[bitcoin.org/es/wallets/desktop/windows/wasabi/index.html]
[bitcoin.org/es/asegure-su-monedero.html]
[bitcoin.org/es/wallets/desktop/mac/wasabi/index.html]
[bitcoin.org/es/wallets/desktop/linux/wasabi/index.html]
[bitcoin.org/es/proteja-su-privacidad.html]
[bitcoin.org/es/wallets/desktop/index.html]
[bitcoin.org/es/wallets/desktop/linux/index.html]
[bitcoin.org/es/wallets/desktop/mac/index.html]
[bitcoin.org/es/gastar-bitcoin.html]
[bitcoin.org/es/wallets/desktop/windows/index.html]
[bitcoin.org/es/wallets/hardware/index.html]
[bitcoin.org/es/wallets/mobile/index.html]
[bitcoin.org/es/wallets/mobile/android/index.html]
[bitcoin.org/es/wallets/mobile/ios/index.html]
[bitcoin.org/es/wallets/web/index.html]
[bitcoin.org/img/jquery/ui-icons_444444_256x240.png]
[bitcoin.org/img/jquery/ui-icons_777777_256x240.png]
[bitcoin.org/img/jquery/ui-icons_555555_256x240.png]
[bitcoin.org/img/jquery/ui-icons_ffffff_256x240.png]
[bitcoin.org/img/jquery/ui-icons_777620_256x240.png]
[bitcoin.org/img/jquery/ui-icons_cc0000_256x240.png]
[bitcoin.org/css/jquery-ui.min.css]
[bitcoin.org/img/screenshots/armory.png]
[bitcoin.org/es/wallets/desktop/windows/armory/index.html]
[bitcoin.org/es/wallets/desktop/mac/armory/index.html]
[bitcoin.org/es/wallets/desktop/linux/armory/index.html]
[bitcoin.org/img/screenshots/bitbox02.png]
[bitcoin.org/es/wallets/hardware/bitbox/index.html]
[bitcoin.org/img/screenshots/bitcoincore.png]
[bitcoin.org/es/wallets/desktop/windows/bitcoincore/index.html]
[bitcoin.org/es/wallets/desktop/mac/bitcoincore/index.html]
[bitcoin.org/es/wallets/desktop/linux/bitcoincore/index.html]
[bitcoin.org/img/screenshots/bitcoinknots.png]
[bitcoin.org/es/wallets/desktop/windows/bitcoinknots/index.html]
[bitcoin.org/es/wallets/desktop/mac/bitcoinknots/index.html]
[bitcoin.org/es/wallets/desktop/linux/bitcoinknots/index.html]
[bitcoin.org/img/screenshots/bitcoinwalletandroid.png]
[bitcoin.org/es/wallets/mobile/android/bitcoinwallet/index.html]
[bitcoin.org/img/screenshots/bithermobile.png]
[bitcoin.org/img/screenshots/bitherdesktop.png]
[bitcoin.org/es/wallets/mobile/ios/bither/index.html]
[bitcoin.org/es/wallets/mobile/android/bither/index.html]
[bitcoin.org/es/wallets/desktop/windows/bither/index.html]
[bitcoin.org/es/wallets/desktop/mac/bither/index.html]
[bitcoin.org/es/wallets/desktop/linux/bither/index.html]
[bitcoin.org/img/screenshots/bitpay.png]
[bitcoin.org/es/wallets/mobile/android/bitpay/index.html]
[bitcoin.org/es/wallets/mobile/ios/bitpay/index.html]
[bitcoin.org/es/wallets/desktop/windows/bitpay/index.html]
[bitcoin.org/es/wallets/desktop/mac/bitpay/index.html]
[bitcoin.org/es/wallets/desktop/linux/bitpay/index.html]
[bitcoin.org/img/screenshots/blwandroid68bb.png]
[bitcoin.org/es/wallets/mobile/android/blw/index.html]
[bitcoin.org/img/screenshots/brd.png]
[bitcoin.org/es/wallets/mobile/ios/brd/index.html]
[bitcoin.org/es/wallets/mobile/android/brd/index.html]
[bitcoin.org/img/screenshots/coldcard.png]
[bitcoin.org/es/wallets/hardware/coldcard/index.html]
[bitcoin.org/img/screenshots/eclairmobile.png]
[bitcoin.org/es/wallets/mobile/android/eclairmobile/index.html]
[bitcoin.org/img/screenshots/edgewalletandroid.png]
[bitcoin.org/img/screenshots/edgewalletios.png]
[bitcoin.org/es/wallets/mobile/android/edgewallet/index.html]
[bitcoin.org/es/wallets/mobile/ios/edgewallet/index.html]
[bitcoin.org/img/screenshots/electrum.png]
[bitcoin.org/img/screenshots/electrumandroid.png]
[bitcoin.org/es/wallets/desktop/windows/electrum/index.html]
[bitcoin.org/es/wallets/desktop/mac/electrum/index.html]
[bitcoin.org/es/wallets/desktop/linux/electrum/index.html]
[bitcoin.org/es/wallets/mobile/android/electrum/index.html]
[bitcoin.org/img/screenshots/keepkey.png]
[bitcoin.org/es/wallets/hardware/keepkey/index.html]
[bitcoin.org/img/screenshots/ledgernanos.png]
[bitcoin.org/es/wallets/hardware/ledgernanos/index.html]
[bitcoin.org/img/screenshots/mycelium.png]
[bitcoin.org/es/wallets/mobile/android/mycelium/index.html]
[bitcoin.org/img/screenshots/specterdesktop.png]
[bitcoin.org/es/wallets/desktop/windows/specterdesktop/index.html]
[bitcoin.org/es/wallets/desktop/mac/specterdesktop/index.html]
[bitcoin.org/es/wallets/desktop/linux/specterdesktop/index.html]
[bitcoin.org/img/screenshots/trezormodelt.png]
[bitcoin.org/es/wallets/hardware/trezormodelt/index.html]
[bitcoin.org/img/screenshots/trezorone.png]
[bitcoin.org/es/wallets/hardware/trezorone/index.html]
[bitcoin.org/img/screenshots/unstoppable_ios.png]
[bitcoin.org/img/screenshots/unstoppable_android.png]
[bitcoin.org/es/wallets/mobile/ios/unstoppable/index.html]
[bitcoin.org/es/wallets/mobile/android/unstoppable/index.html]
[bitcoin.org/img/screenshots/wasabi.png]
[bitcoin.org/es/wallets/desktop/windows/wasabi/index.html]
[bitcoin.org/es/wallets/desktop/mac/wasabi/index.html]
[bitcoin.org/es/wallets/desktop/linux/wasabi/index.html]
[bitcoin.org/es/wallets/desktop/index.html]
[bitcoin.org/es/wallets/desktop/linux/index.html]
[bitcoin.org/es/wallets/desktop/mac/index.html]
[bitcoin.org/es/wallets/desktop/windows/index.html]
[bitcoin.org/es/wallets/hardware/index.html]
[bitcoin.org/es/wallets/mobile/index.html]
[bitcoin.org/es/wallets/mobile/android/index.html]
[bitcoin.org/es/wallets/mobile/ios/index.html]
[bitcoin.org/es/wallets/web/index.html]
